Microchip MPLAB XC8 Compiler V2.32

Linker command line:

-W-3 --edf=C:\Program Files\Microchip\xc8\v2.32\pic\dat\en_msgs.txt -cn \
  -h+dist/default/production\Conjunto.X.production.sym \
  --cmf=dist/default/production\Conjunto.X.production.cmf -z -Q16F887 \
  -oC:\Users\fredy\AppData\Local\Temp\xcAsflo.5 --defsym=__MPLAB_BUILD=1 \
  -Mdist/default/production/Conjunto.X.production.map -E1 -ver=XC8 Compiler \
  --acfsm=1493 -ASTACK=0110h-016Fh -pstack=STACK -ACODE=00h-07FFhx4 \
  -ASTRCODE=00h-01FFFh -ASTRING=00h-0FFhx32 -ACONST=00h-0FFhx32 \
  -AENTRY=00h-0FFhx32 -ACOMMON=070h-07Fh -ABANK0=020h-06Fh \
  -ABANK1=0A0h-0EFh -ABANK2=0110h-016Fh -ABANK3=0190h-01EFh \
  -ARAM=020h-06Fh,0A0h-0EFh,0110h-016Fh,0190h-01EFh \
  -AABS1=020h-07Fh,0A0h-0EFh,0110h-016Fh,0190h-01EFh -ASFR0=00h-01Fh \
  -ASFR1=080h-09Fh -ASFR2=0100h-010Fh -ASFR3=0180h-018Fh \
  -ACONFIG=02007h-02008h -DCONFIG=2 -AIDLOC=02000h-02003h -DIDLOC=2 \
  -AEEDATA=00h-0FFh/02100h -peeprom_data=EEDATA -DEEDATA=2 -DCODE=2 \
  -DSTRCODE=2 -DSTRING=2 -DCONST=2 -DENTRY=2 \
  -preset_vec=00h,intentry=04h,init,end_init -ppowerup=CODE -pcinit=CODE \
  -pfunctab=ENTRY -k C:\Users\fredy\AppData\Local\Temp\xcAsflo.o \
  dist/default/production\Conjunto.X.production.o 

Object code version is 3.11

Machine type is 16F887



                Name                               Link     Load   Length Selector   Space Scale
C:\Users\fredy\AppData\Local\Temp\xcAsflo.o
                end_init                              C        C        3        8       0
                reset_vec                             0        0        3        0       0
                config                             2007     2007        2        0       4
dist/default/production\Conjunto.X.production.o
                cinit                                 F        F       2B        8       0
                intentry                              4        4        8        8       0
                config                             2007     2007        2        0       4
                text5                               12C      12C       E4        8       0
                text4                               291      291       69        8       0
                text3                               355      355       2B        8       0
                text2                                3A       3A       F2        8       0
                text1                               210      210       81        8       0
                maintext                            2FA      2FA       5B        8       0
                cstackBANK0                          20       20        E       20       1
                cstackCOMMON                         70       70        8       70       1
                dataBANK0                            36       36        3       20       1
                bssBANK0                             2E       2E        8       20       1
                dataCOMMON                           78       78        2       70       1
                bssCOMMON                            7A       7A        1       70       1
                idataBANK0                          380      380        3        8       0
                idataCOMMON                         383      383        2        8       0

TOTAL           Name                               Link     Load   Length     Space
        CLASS   STACK          

        CLASS   CODE           
                end_init                              C        C        3         0
                cinit                                 F        F       2B         0
                intentry                              4        4        8         0
                reset_vec                             0        0        3         0
                text5                               12C      12C       E4         0
                text4                               291      291       69         0
                text3                               355      355       2B         0
                text2                                3A       3A       F2         0
                text1                               210      210       81         0
                maintext                            2FA      2FA       5B         0
                idataBANK0                          380      380        3         0
                idataCOMMON                         383      383        2         0

        CLASS   STRCODE        

        CLASS   STRING         

        CLASS   CONST          

        CLASS   ENTRY          

        CLASS   COMMON         
                cstackCOMMON                         70       70        8         1
                dataCOMMON                           78       78        2         1
                bssCOMMON                            7A       7A        1         1

        CLASS   BANK0          
                cstackBANK0                          20       20        E         1
                dataBANK0                            36       36        3         1
                bssBANK0                             2E       2E        8         1

        CLASS   BANK1          

        CLASS   BANK2          

        CLASS   BANK3          

        CLASS   RAM            

        CLASS   ABS1           
                abs_s1                               7E       7E        2         1

        CLASS   SFR0           

        CLASS   SFR1           

        CLASS   SFR2           

        CLASS   SFR3           

        CLASS   CONFIG         
                config                             2007     2007        2         4

        CLASS   IDLOC          

        CLASS   EEDATA         



SEGMENTS        Name                           Load    Length   Top    Selector   Space  Class     Delta

                reset_vec                      000000  000003  000003         0       0  CODE        2
                intentry                       000004  000381  000385         8       0  CODE        2
                cstackBANK0                    000020  000019  000039        20       1  BANK0       1
                cstackCOMMON                   000070  00000B  00007B        70       1  COMMON      1


UNUSED ADDRESS RANGES

        Name                Unused          Largest block    Delta
        BANK0            0039-006F             37           1
        BANK1            00A0-00EF             50           1
        BANK2            0110-016F             60           1
        BANK3            0190-01EF             60           1
        CODE             0003-0003              1           2
                         0385-1FFF            800
        COMMON           007B-007D              3           1
        CONST            0003-0003              1           2
                         0385-1FFF            100
        EEDATA           2100-21FF            100           2
        ENTRY            0003-0003              1           2
                         0385-1FFF            100
        IDLOC            2000-2003              4           2
        RAM              0039-006F             37           1
                         00A0-00EF             50
                         0110-016F             60
                         0190-01EF             60
        SFR0             0000-001F             20           1
        SFR1             0080-009F             20           1
        SFR2             0100-010F             10           1
        SFR3             0180-018F             10           1
        STACK            0110-016F             60           1
        STRCODE          0003-0003              1           2
                         0385-1FFF           1C7B
        STRING           0003-0003              1           2
                         0385-1FFF            100

                                  Symbol Table

?___awdiv                cstackBANK0  0022
?___wmul                 cstackCOMMON 0073
_ADCON0bits              (abs)        001F
_ADCON1bits              (abs)        009F
_ADIF                    (abs)        0066
_ADRESH                  (abs)        001E
_ADRESH_Servo_1          bssBANK0     0031
_ADRESH_Servo_2          bssBANK0     0030
_ADRESH_Servo_3          bssBANK0     002F
_ANSEL                   (abs)        0188
_ANSELH                  (abs)        0189
_CREN                    (abs)        00C4
_Contador_Servos         bssBANK0     0035
_Control                 dataBANK0    0036
_INTCON                  (abs)        000B
_IRCF0                   (abs)        047C
_IRCF1                   (abs)        047D
_IRCF2                   (abs)        047E
_PIE1bits                (abs)        008C
_PIR1bits                (abs)        000C
_PORTA                   (abs)        0005
_PORTB                   (abs)        0006
_PORTC                   (abs)        0007
_PORTD                   (abs)        0008
_PORTE                   (abs)        0009
_PS0                     (abs)        0408
_PS1                     (abs)        0409
_PS2                     (abs)        040A
_PSA                     (abs)        040B
_RCIF                    (abs)        0065
_RCREG                   (abs)        001A
_RD0                     (abs)        0040
_RD1                     (abs)        0041
_RD2                     (abs)        0042
_Regla_3                 text2        003A
_SPBRG                   (abs)        0099
_SPEN                    (abs)        00C7
_SYNC                    (abs)        04C4
_T0CS                    (abs)        040D
_T0IF                    (abs)        005A
_TMR0                    (abs)        0001
_TRISA                   (abs)        0085
_TRISB                   (abs)        0086
_TRISD                   (abs)        0088
_TRISE                   (abs)        0089
_TXEN                    (abs)        04C5
_USART_Num_Servo         bssBANK0     002E
_USART_Receptor          bssCOMMON    007A
_USART_SERVOS            text1        0210
_USART_Servo_1           dataCOMMON   0079
_USART_Servo_2           dataCOMMON   0078
_USART_Servo_3           dataBANK0    0037
_Valor_Servo_1           bssBANK0     0034
_Valor_Servo_2           bssBANK0     0033
_Valor_Servo_3           bssBANK0     0032
_Valor_TMR0              dataBANK0    0038
__Habs1                  abs1         0000
__Hbank0                 bank0        0000
__Hbank1                 bank1        0000
__Hbank2                 bank2        0000
__Hbank3                 bank3        0000
__HbssBANK0              bssBANK0     0000
__HbssCOMMON             bssCOMMON    0000
__Hcinit                 cinit        003A
__Hclrtext               clrtext      0000
__Hcode                  code         0000
__Hcommon                common       0000
__Hconfig                config       2009
__HcstackBANK0           cstackBANK0  0000
__HcstackCOMMON          cstackCOMMON 0000
__HdataBANK0             dataBANK0    0000
__HdataCOMMON            dataCOMMON   0000
__Heeprom_data           eeprom_data  0000
__Hend_init              end_init     000F
__Hfunctab               functab      0000
__HidataBANK0            idataBANK0   0000
__HidataCOMMON           idataCOMMON  0000
__Hinit                  init         000C
__Hintentry              intentry     000C
__Hmaintext              maintext     0000
__Hpowerup               powerup      0000
__Hram                   ram          0000
__Hreset_vec             reset_vec    0003
__Hsfr0                  sfr0         0000
__Hsfr1                  sfr1         0000
__Hsfr2                  sfr2         0000
__Hsfr3                  sfr3         0000
__Hspace_0               (abs)        0385
__Hspace_1               (abs)        007B
__Hspace_2               (abs)        0000
__Hspace_3               (abs)        0000
__Hspace_4               (abs)        4010
__Hstack                 stack        0000
__Hstrings               strings      0000
__Htext                  text         0000
__Labs1                  abs1         0000
__Lbank0                 bank0        0000
__Lbank1                 bank1        0000
__Lbank2                 bank2        0000
__Lbank3                 bank3        0000
__LbssBANK0              bssBANK0     0000
__LbssCOMMON             bssCOMMON    0000
__Lcinit                 cinit        000F
__Lclrtext               clrtext      0000
__Lcode                  code         0000
__Lcommon                common       0000
__Lconfig                config       0000
__LcstackBANK0           cstackBANK0  0000
__LcstackCOMMON          cstackCOMMON 0000
__LdataBANK0             dataBANK0    0000
__LdataCOMMON            dataCOMMON   0000
__Leeprom_data           eeprom_data  0000
__Lend_init              end_init     000C
__Lfunctab               functab      0000
__LidataBANK0            idataBANK0   0000
__LidataCOMMON           idataCOMMON  0000
__Linit                  init         000C
__Lintentry              intentry     0004
__Lmaintext              maintext     0000
__Lpowerup               powerup      0000
__Lram                   ram          0000
__Lreset_vec             reset_vec    0000
__Lsfr0                  sfr0         0000
__Lsfr1                  sfr1         0000
__Lsfr2                  sfr2         0000
__Lsfr3                  sfr3         0000
__Lspace_0               (abs)        0000
__Lspace_1               (abs)        0000
__Lspace_2               (abs)        0000
__Lspace_3               (abs)        0000
__Lspace_4               (abs)        0000
__Lstack                 stack        0000
__Lstrings               strings      0000
__Ltext                  text         0000
__S0                     (abs)        0385
__S1                     (abs)        007B
__S2                     (abs)        0000
__S3                     (abs)        0000
___awdiv                 text4        0291
___awdiv@counter         cstackBANK0  0026
___awdiv@dividend        cstackBANK0  0024
___awdiv@divisor         cstackBANK0  0022
___awdiv@quotient        cstackBANK0  0028
___awdiv@sign            cstackBANK0  0027
___int_sp                stack        0000
___latbits               (abs)        0002
___sp                    stack        0000
___stackhi               (abs)        0000
___stacklo               (abs)        0000
___wmul                  text3        0355
___wmul@multiplicand     cstackCOMMON 0075
___wmul@multiplier       cstackCOMMON 0073
___wmul@product          cstackBANK0  0020
__end_of_Regla_3         text2        012C
__end_of_USART_SERVOS    text1        0291
__end_of___awdiv         text4        02FA
__end_of___wmul          text3        0380
__end_of__initialization cinit        0036
__end_of_isr             text5        0210
__end_of_main            maintext     0355
__initialization         cinit        000F
__pbssBANK0              bssBANK0     002E
__pbssCOMMON             bssCOMMON    007A
__pcstackBANK0           cstackBANK0  0020
__pcstackCOMMON          cstackCOMMON 0070
__pdataBANK0             dataBANK0    0036
__pdataCOMMON            dataCOMMON   0078
__pidataBANK0            idataBANK0   0380
__pidataCOMMON           idataCOMMON  0383
__pintentry              intentry     0004
__pmaintext              maintext     02FA
__ptext1                 text1        0210
__ptext2                 text2        003A
__ptext3                 text3        0355
__ptext4                 text4        0291
__ptext5                 text5        012C
__size_of_Regla_3        (abs)        0000
__size_of_USART_SERVOS   (abs)        0000
__size_of___awdiv        (abs)        0000
__size_of___wmul         (abs)        0000
__size_of_isr            (abs)        0000
__size_of_main           (abs)        0000
_isr                     text5        012C
_main                    maintext     02FA
btemp                    (abs)        007E
end_of_initialization    cinit        0036
interrupt_function       intentry     0004
intlevel0                functab      0000
intlevel1                functab      0000
intlevel2                functab      0000
intlevel3                functab      0000
intlevel4                functab      0000
intlevel5                functab      0000
reset_vec                reset_vec    0000
saved_w                  (abs)        007E
start                    init         000C
start_initialization     cinit        000F
wtemp0                   (abs)        007E


MODULE INFORMATION

Module		Function		Class		Link	Load	Size
Conjunto.c
		_Regla_3       		CODE           	003A	0000	242
		_main          		CODE           	02FA	0000	91
		_isr           		CODE           	012C	0000	228
		_USART_SERVOS  		CODE           	0210	0000	129

Conjunto.c estimated size: 690

shared
		__initialization		CODE           	000F	0000	39

shared estimated size: 39

C:\Program Files\Microchip\xc8\v2.32\pic\sources\c90\common\awdiv.c
		___awdiv       		CODE           	0291	0000	105

C:\Program Files\Microchip\xc8\v2.32\pic\sources\c90\common\awdiv.c estimated size: 105

C:\Program Files\Microchip\xc8\v2.32\pic\sources\c90\common\Umul16.c
		___wmul        		CODE           	0355	0000	43

C:\Program Files\Microchip\xc8\v2.32\pic\sources\c90\common\Umul16.c estimated size: 43

