Microchip MPLAB XC8 Compiler V2.32

Linker command line:

-W-3 --edf=C:\Program Files\Microchip\xc8\v2.32\pic\dat\en_msgs.txt -cn \
  -h+dist/default/production\Conjunto.X.production.sym \
  --cmf=dist/default/production\Conjunto.X.production.cmf -z -Q16F887 \
  -oC:\Users\fredy\AppData\Local\Temp\xcAscp0.4 --defsym=__MPLAB_BUILD=1 \
  -Mdist/default/production/Conjunto.X.production.map -E1 -ver=XC8 Compiler \
  --acfsm=1493 -ASTACK=0110h-016Fh -pstack=STACK -ACODE=00h-07FFhx4 \
  -ASTRCODE=00h-01FFFh -ASTRING=00h-0FFhx32 -ACONST=00h-0FFhx32 \
  -AENTRY=00h-0FFhx32 -ACOMMON=070h-07Fh -ABANK0=020h-06Fh \
  -ABANK1=0A0h-0EFh -ABANK2=0110h-016Fh -ABANK3=0190h-01EFh \
  -ARAM=020h-06Fh,0A0h-0EFh,0110h-016Fh,0190h-01EFh \
  -AABS1=020h-07Fh,0A0h-0EFh,0110h-016Fh,0190h-01EFh -ASFR0=00h-01Fh \
  -ASFR1=080h-09Fh -ASFR2=0100h-010Fh -ASFR3=0180h-018Fh \
  -ACONFIG=02007h-02008h -DCONFIG=2 -AIDLOC=02000h-02003h -DIDLOC=2 \
  -AEEDATA=00h-0FFh/02100h -peeprom_data=EEDATA -DEEDATA=2 -DCODE=2 \
  -DSTRCODE=2 -DSTRING=2 -DCONST=2 -DENTRY=2 \
  -preset_vec=00h,intentry=04h,init,end_init -ppowerup=CODE -pcinit=CODE \
  -pfunctab=ENTRY -k C:\Users\fredy\AppData\Local\Temp\xcAscp0.o \
  dist/default/production\Conjunto.X.production.o 

Object code version is 3.11

Machine type is 16F887



                Name                               Link     Load   Length Selector   Space Scale
C:\Users\fredy\AppData\Local\Temp\xcAscp0.o
                end_init                             12       12        3        8       0
                reset_vec                             0        0        3        0       0
                config                             2007     2007        2        0       4
dist/default/production\Conjunto.X.production.o
                cinit                                15       15       26        8       0
                intentry                              4        4        E        8       0
                config                             2007     2007        2        0       4
                text9                               57B      57B       30      5EE       0
                text8                               5E9      5E9       13      5EE       0
                text7                                3B       3B      14E        8       0
                text6                               548      548       33      5EE       0
                text5                               5D2      5D2       17      5EE       0
                text4                               4DF      4DF       69      5EE       0
                text3                               5AB      5AB       27      5EE       0
                text2                               2F7      2F7       F4      5EE       0
                text1                               3EB      3EB       8B      5EE       0
                maintext                            476      476       69      5EE       0
                cstackBANK0                          20       20       13       20       1
                cstackCOMMON                         70       70        A       70       1
                dataBANK0                            39       39        4       20       1
                bssBANK0                             33       33        6       20       1
                bssCOMMON                            7A       7A        4       70       1
                stringtext                          200      200       F7        4       0
                strings                             189      189       12      312       0
                idataBANK0                          5FC      5FC        4      5EE       0

TOTAL           Name                               Link     Load   Length     Space
        CLASS   STACK          

        CLASS   CODE           
                end_init                             12       12        3         0
                cinit                                15       15       26         0
                intentry                              4        4        E         0
                reset_vec                             0        0        3         0
                text9                               57B      57B       30         0
                text8                               5E9      5E9       13         0
                text7                                3B       3B      14E         0
                text6                               548      548       33         0
                text5                               5D2      5D2       17         0
                text4                               4DF      4DF       69         0
                text3                               5AB      5AB       27         0
                text2                               2F7      2F7       F4         0
                text1                               3EB      3EB       8B         0
                maintext                            476      476       69         0
                idataBANK0                          5FC      5FC        4         0

        CLASS   STRCODE        
                stringtext                          200      200       F7         0

        CLASS   STRING         
                strings                             189      189       12         0

        CLASS   CONST          

        CLASS   ENTRY          

        CLASS   COMMON         
                cstackCOMMON                         70       70        A         1
                bssCOMMON                            7A       7A        4         1

        CLASS   BANK0          
                cstackBANK0                          20       20       13         1
                dataBANK0                            39       39        4         1
                bssBANK0                             33       33        6         1

        CLASS   BANK1          

        CLASS   BANK2          

        CLASS   BANK3          

        CLASS   RAM            

        CLASS   ABS1           
                abs_s1                               7E       7E        2         1

        CLASS   SFR0           

        CLASS   SFR1           

        CLASS   SFR2           

        CLASS   SFR3           

        CLASS   CONFIG         
                config                             2007     2007        2         4

        CLASS   IDLOC          

        CLASS   EEDATA         



SEGMENTS        Name                           Load    Length   Top    Selector   Space  Class     Delta

                reset_vec                      000000  000003  000003         0       0  CODE        2
                intentry                       000004  000185  000189         8       0  CODE        2
                cstackBANK0                    000020  00001D  00003D        20       1  BANK0       1
                cstackCOMMON                   000070  00000E  00007E        70       1  COMMON      1
                strings                        000189  000012  00019B       312       0  STRING      2
                stringtext                     000200  0000F7  0002F7         4       0  STRCODE     2
                text2                          0002F7  000309  000600       5EE       0  CODE        2


UNUSED ADDRESS RANGES

        Name                Unused          Largest block    Delta
        BANK0            003D-006F             33           1
        BANK1            00A0-00EF             50           1
        BANK2            0110-016F             60           1
        BANK3            0190-01EF             60           1
        CODE             0003-0003              1           2
                         019B-01FF             65
                         0600-1FFF            800
        CONST            0003-0003              1           2
                         019B-01FF             65
                         0600-1FFF            100
        EEDATA           2100-21FF            100           2
        ENTRY            0003-0003              1           2
                         019B-01FF             65
                         0600-1FFF            100
        IDLOC            2000-2003              4           2
        RAM              003D-006F             33           1
                         00A0-00EF             50
                         0110-016F             60
                         0190-01EF             60
        SFR0             0000-001F             20           1
        SFR1             0080-009F             20           1
        SFR2             0100-010F             10           1
        SFR3             0180-018F             10           1
        STACK            0110-016F             60           1
        STRCODE          0003-0003              1           2
                         019B-01FF             65
                         0600-1FFF           1A00
        STRING           0003-0003              1           2
                         019B-01FF             65
                         0600-1FFF            100

                                  Symbol Table

?___awdiv                cstackBANK0  0026
?___wmul                 cstackBANK0  0020
Texto@i                  cstackBANK0  0024
Texto@texto              cstackBANK0  0020
_ADCON0bits              (abs)        001F
_ADCON1bits              (abs)        009F
_ADIF                    (abs)        0066
_ADRESH                  (abs)        001E
_ADRESH_Servo_1          bssBANK0     0035
_ADRESH_Servo_2          bssBANK0     0034
_ADRESH_Servo_3          bssBANK0     0033
_ANSEL                   (abs)        0188
_ANSELH                  (abs)        0189
_CREN                    (abs)        00C4
_Contador_Servos         bssCOMMON    007D
_Control                 bssCOMMON    007A
_INTCON                  (abs)        000B
_IRCF0                   (abs)        047C
_IRCF1                   (abs)        047D
_IRCF2                   (abs)        047E
_Menu                    text5        05D2
_PIE1bits                (abs)        008C
_PIR1bits                (abs)        000C
_PORTA                   (abs)        0005
_PORTB                   (abs)        0006
_PORTC                   (abs)        0007
_PORTD                   (abs)        0008
_PORTE                   (abs)        0009
_PS0                     (abs)        0408
_PS1                     (abs)        0409
_PS2                     (abs)        040A
_PSA                     (abs)        040B
_RCIF                    (abs)        0065
_RCREG                   (abs)        001A
_RD0                     (abs)        0040
_RD1                     (abs)        0041
_RD2                     (abs)        0042
_Regla_3                 text2        02F7
_SPBRG                   (abs)        0099
_SPEN                    (abs)        00C7
_SYNC                    (abs)        04C4
_T0CS                    (abs)        040D
_T0IF                    (abs)        005A
_TMR0                    (abs)        0001
_TRISA                   (abs)        0085
_TRISB                   (abs)        0086
_TRISD                   (abs)        0088
_TRISE                   (abs)        0089
_TXEN                    (abs)        04C5
_TXREG                   (abs)        0019
_Texto                   text6        0548
_USART_Num_Servo         bssCOMMON    007C
_USART_Receptor          bssCOMMON    007B
_USART_SERVOS            text1        03EB
_USART_Servo_1           dataBANK0    003B
_USART_Servo_2           dataBANK0    003A
_USART_Servo_3           dataBANK0    0039
_Valor_Servo_1           bssBANK0     0038
_Valor_Servo_2           bssBANK0     0037
_Valor_Servo_3           bssBANK0     0036
_Valor_TMR0              dataBANK0    003C
__Habs1                  abs1         0000
__Hbank0                 bank0        0000
__Hbank1                 bank1        0000
__Hbank2                 bank2        0000
__Hbank3                 bank3        0000
__HbssBANK0              bssBANK0     0000
__HbssCOMMON             bssCOMMON    0000
__Hcinit                 cinit        003B
__Hclrtext               clrtext      0000
__Hcode                  code         0000
__Hcommon                common       0000
__Hconfig                config       2009
__HcstackBANK0           cstackBANK0  0000
__HcstackCOMMON          cstackCOMMON 0000
__HdataBANK0             dataBANK0    0000
__Heeprom_data           eeprom_data  0000
__Hend_init              end_init     0015
__Hfunctab               functab      0000
__HidataBANK0            idataBANK0   0000
__Hinit                  init         0012
__Hintentry              intentry     0012
__Hmaintext              maintext     0000
__Hpowerup               powerup      0000
__Hram                   ram          0000
__Hreset_vec             reset_vec    0003
__Hsfr0                  sfr0         0000
__Hsfr1                  sfr1         0000
__Hsfr2                  sfr2         0000
__Hsfr3                  sfr3         0000
__Hspace_0               (abs)        0600
__Hspace_1               (abs)        007E
__Hspace_2               (abs)        0000
__Hspace_3               (abs)        0000
__Hspace_4               (abs)        4010
__Hstack                 stack        0000
__Hstrings               strings      0000
__Hstringtext            stringtext   0000
__Htext                  text         0000
__Labs1                  abs1         0000
__Lbank0                 bank0        0000
__Lbank1                 bank1        0000
__Lbank2                 bank2        0000
__Lbank3                 bank3        0000
__LbssBANK0              bssBANK0     0000
__LbssCOMMON             bssCOMMON    0000
__Lcinit                 cinit        0015
__Lclrtext               clrtext      0000
__Lcode                  code         0000
__Lcommon                common       0000
__Lconfig                config       0000
__LcstackBANK0           cstackBANK0  0000
__LcstackCOMMON          cstackCOMMON 0000
__LdataBANK0             dataBANK0    0000
__Leeprom_data           eeprom_data  0000
__Lend_init              end_init     0012
__Lfunctab               functab      0000
__LidataBANK0            idataBANK0   0000
__Linit                  init         0012
__Lintentry              intentry     0004
__Lmaintext              maintext     0000
__Lpowerup               powerup      0000
__Lram                   ram          0000
__Lreset_vec             reset_vec    0000
__Lsfr0                  sfr0         0000
__Lsfr1                  sfr1         0000
__Lsfr2                  sfr2         0000
__Lsfr3                  sfr3         0000
__Lspace_0               (abs)        0000
__Lspace_1               (abs)        0000
__Lspace_2               (abs)        0000
__Lspace_3               (abs)        0000
__Lspace_4               (abs)        0000
__Lstack                 stack        0000
__Lstrings               strings      0000
__Lstringtext            stringtext   0000
__Ltext                  text         0000
__S0                     (abs)        0600
__S1                     (abs)        007E
__S2                     (abs)        0000
__S3                     (abs)        0000
___awdiv                 text4        04DF
___awdiv@counter         cstackBANK0  002B
___awdiv@dividend        cstackBANK0  0028
___awdiv@divisor         cstackBANK0  0026
___awdiv@quotient        cstackBANK0  002D
___awdiv@sign            cstackBANK0  002C
___int_sp                stack        0000
___latbits               (abs)        0002
___sp                    stack        0000
___stackhi               (abs)        0000
___stacklo               (abs)        0000
___wmul                  text3        05AB
___wmul@multiplicand     cstackBANK0  0022
___wmul@multiplier       cstackBANK0  0020
___wmul@product          cstackBANK0  0024
__end_of_Menu            text5        05E9
__end_of_Regla_3         text2        03EB
__end_of_Texto           text6        057B
__end_of_USART_SERVOS    text1        0476
__end_of___awdiv         text4        0548
__end_of___wmul          text3        05D2
__end_of__initialization cinit        0037
__end_of__stringtab      strings      019B
__end_of_isr             text7        0189
__end_of_main            maintext     04DF
__end_ofi1_Menu          text8        05FC
__end_ofi1_Texto         text9        05AB
__initialization         cinit        0015
__pbssBANK0              bssBANK0     0033
__pbssCOMMON             bssCOMMON    007A
__pcstackBANK0           cstackBANK0  0020
__pcstackCOMMON          cstackCOMMON 0070
__pdataBANK0             dataBANK0    0039
__pidataBANK0            idataBANK0   05FC
__pintentry              intentry     0004
__pmaintext              maintext     0476
__pstrings               strings      0189
__pstringtext            stringtext   0200
__ptext1                 text1        03EB
__ptext2                 text2        02F7
__ptext3                 text3        05AB
__ptext4                 text4        04DF
__ptext5                 text5        05D2
__ptext6                 text6        0548
__ptext7                 text7        003B
__ptext8                 text8        05E9
__ptext9                 text9        057B
__size_of_Menu           (abs)        0000
__size_of_Regla_3        (abs)        0000
__size_of_Texto          (abs)        0000
__size_of_USART_SERVOS   (abs)        0000
__size_of___awdiv        (abs)        0000
__size_of___wmul         (abs)        0000
__size_of_isr            (abs)        0000
__size_of_main           (abs)        0000
__size_ofi1_Menu         (abs)        0000
__size_ofi1_Texto        (abs)        0000
__stringbase             strings      019B
__stringtab              strings      0189
_isr                     text7        003B
_main                    maintext     0476
btemp                    (abs)        007E
end_of_initialization    cinit        0037
i1Texto@i                cstackCOMMON 0074
i1Texto@texto            cstackCOMMON 0070
i1_Menu                  text8        05E9
i1_Texto                 text9        057B
interrupt_function       intentry     0004
intlevel0                functab      0000
intlevel1                functab      0000
intlevel2                functab      0000
intlevel3                functab      0000
intlevel4                functab      0000
intlevel5                functab      0000
reset_vec                reset_vec    0000
saved_w                  (abs)        007E
start                    init         0012
start_initialization     cinit        0015
wtemp0                   (abs)        007E


MODULE INFORMATION

Module		Function		Class		Link	Load	Size
Conjunto.c
		_Regla_3       		CODE           	02F7	0000	244
		_main          		CODE           	0476	0000	105
		_Texto         		CODE           	0548	0000	51
		_isr           		CODE           	003B	0000	334
		_Menu          		CODE           	05D2	0000	23
		_USART_SERVOS  		CODE           	03EB	0000	139

Conjunto.c estimated size: 896

shared
		__stringtab    		STRING         	0189	0000	18
		__initialization		CODE           	0015	0000	34
		i1_Menu        		CODE           	05E9	0000	19
		i1_Texto       		CODE           	057B	0000	48

shared estimated size: 119

C:\Program Files\Microchip\xc8\v2.32\pic\sources\c90\common\awdiv.c
		___awdiv       		CODE           	04DF	0000	105

C:\Program Files\Microchip\xc8\v2.32\pic\sources\c90\common\awdiv.c estimated size: 105

C:\Program Files\Microchip\xc8\v2.32\pic\sources\c90\common\Umul16.c
		___wmul        		CODE           	05AB	0000	39

C:\Program Files\Microchip\xc8\v2.32\pic\sources\c90\common\Umul16.c estimated size: 39

